// Jest Snapshot v1, https://goo.gl/fbAQLP

exports[`puebas en <TodoList/> debe de mostrarse correctamente 1`] = `
<ul
  className="list-group list-group-flush"
>
  <TodoListItem
    handleDelate={[MockFunction]}
    handleToggle={[MockFunction]}
    index={0}
    key="1"
    todo={
      Object {
        "desc": "aprender Recat",
        "done": false,
        "id": 1,
      }
    }
  />
  <TodoListItem
    handleDelate={[MockFunction]}
    handleToggle={[MockFunction]}
    index={1}
    key="2"
    todo={
      Object {
        "desc": "aprender node",
        "done": false,
        "id": 2,
      }
    }
  />
</ul>
`;
